layer at (0,0) size 800x600
  RenderView at (0,0) size 800x600
layer at (0,0) size 800x600
  RenderBlock {HTML} at (0,0) size 800x600
    RenderBody {BODY} at (8,8) size 784x584
      RenderBlock {P} at (0,0) size 784x20
        RenderText {#text} at (0,0) size 122x19
          text run at (0,0) width 122: "These should match:"
      RenderBlock (floating) {DIV} at (0,36) size 100x100 [bgcolor=#560063]
      RenderBlock (anonymous) at (0,36) size 784x25
        RenderImage {IMG} at (100,0) size 20x20
        RenderText {#text} at (120,5) size 4x19
          text run at (120,5) width 4: " "
        RenderBR {BR} at (0,0) size 0x0
      RenderBlock {P} at (0,77) size 784x20
        RenderText {#text} at (100,0) size 223x19
          text run at (100,0) width 223: "These should not match (at this time):"
      RenderBlock (floating) {DIV} at (100,113) size 100x100 [bgcolor=#560063]
      RenderBlock (anonymous) at (0,113) size 784x20
        RenderImage {IMG} at (200,0) size 20x20
        RenderText {#text} at (0,0) size 0x0
