layer at (0,0) size 800x600
  LayoutView at (0,0) size 800x600
layer at (0,0) size 800x170
  LayoutBlockFlow {HTML} at (0,0) size 800x170
    LayoutBlockFlow {BODY} at (8,8) size 784x154
      LayoutBlockFlow {INPUT} at (4,4) size 13x13
      LayoutText {#text} at (21,2) size 4x19
        text run at (21,2) width 4: " "
      LayoutBlockFlow {INPUT} at (29,4) size 13x13
      LayoutText {#text} at (46,2) size 4x19
        text run at (46,2) width 4: " "
      LayoutBR {BR} at (50,2) size 0x19
      LayoutBlockFlow {INPUT} at (4,26) size 13x13
      LayoutText {#text} at (21,24) size 4x19
        text run at (21,24) width 4: " "
      LayoutBlockFlow {INPUT} at (29,26) size 13x13
      LayoutText {#text} at (46,24) size 4x19
        text run at (46,24) width 4: " "
      LayoutBR {BR} at (50,24) size 0x19
      LayoutBlockFlow {INPUT} at (4,48) size 13x13
      LayoutText {#text} at (21,46) size 4x19
        text run at (21,46) width 4: " "
      LayoutBR {BR} at (25,46) size 0x19
      LayoutBlockFlow {INPUT} at (4,70) size 13x13
      LayoutText {#text} at (21,68) size 4x19
        text run at (21,68) width 4: " "
      LayoutBR {BR} at (25,68) size 0x19
      LayoutBlockFlow {INPUT} at (4,92) size 8x13
      LayoutText {#text} at (16,90) size 4x19
        text run at (16,90) width 4: " "
      LayoutBlockFlow {INPUT} at (24,92) size 16x13
      LayoutText {#text} at (44,90) size 4x19
        text run at (44,90) width 4: " "
      LayoutBlockFlow {INPUT} at (52,92) size 24x13
      LayoutText {#text} at (80,90) size 4x19
        text run at (80,90) width 4: " "
      LayoutBR {BR} at (84,90) size 0x19
      LayoutBlockFlow {INPUT} at (6,125) size 21x21
      LayoutText {#text} at (33,131) size 4x19
        text run at (33,131) width 4: " "
      LayoutBlockFlow {INPUT} at (45,118) size 28x28
      LayoutText {#text} at (81,131) size 4x19
        text run at (81,131) width 4: " "
      LayoutBR {BR} at (85,131) size 0x19
