layer at (0,0) size 800x600 scrollHeight 629
  LayoutView at (0,0) size 800x600
layer at (0,0) size 800x629 backgroundClip at (0,0) size 800x600 clip at (0,0) size 800x600 outlineClip at (0,0) size 800x600
  LayoutBlockFlow {HTML} at (0,0) size 800x629
    LayoutBlockFlow {BODY} at (8,8) size 784x613
      LayoutBlockFlow {DIV} at (0,0) size 784x39
        LayoutText {#text} at (0,7) size 141x26
          text run at (0,7) width 141: "\x{653B}\x{6BBB}\x{2307}\x{30FC}\x{FF1C}\x{FF1D}4"
      LayoutBlockFlow {DIV} at (0,39) size 156x198
        LayoutBlockFlow {DIV} at (0,10) size 39x178
          LayoutText {#text} at (7,0) size 26x164
            text run at (7,0) width 164: "\x{653B}\x{6BBB}\x{2307}\x{30FC}\x{FF1C}\x{FF1D}4"
        LayoutBlockFlow {DIV} at (39,10) size 39x178 [color=#0000FF]
          LayoutText {#text} at (7,0) size 26x178
            text run at (7,0) width 178: "\x{653B}\x{6BBB}\x{2307}\x{30FC}\x{FF1C}\x{FF1D}4"
        LayoutBlockFlow {DIV} at (78,10) size 39x178 [color=#008080]
          LayoutText {#text} at (7,0) size 26x141
            text run at (7,0) width 141: "\x{653B}\x{6BBB}\x{2307}\x{30FC}\x{FF1C}\x{FF1D}4"
        LayoutBlockFlow {DIV} at (117,10) size 39x178 [color=#A52A2A]
          LayoutText {#text} at (7,0) size 26x141
            text run at (7,0) width 141: "\x{653B}\x{6BBB}\x{2307}\x{30FC}\x{FF1C}\x{FF1D}4"
      LayoutBlockFlow {DIV} at (0,237) size 156x198
        LayoutBlockFlow {DIV} at (0,10) size 39x178
          LayoutText {#text} at (7,0) size 26x164
            text run at (7,0) width 164: "\x{653B}\x{6BBB}\x{2307}\x{30FC}\x{FF1C}\x{FF1D}4"
        LayoutBlockFlow {DIV} at (39,10) size 39x178 [color=#0000FF]
          LayoutText {#text} at (7,0) size 26x178
            text run at (7,0) width 178: "\x{653B}\x{6BBB}\x{2307}\x{30FC}\x{FF1C}\x{FF1D}4"
        LayoutBlockFlow {DIV} at (78,10) size 39x178 [color=#008080]
          LayoutText {#text} at (7,0) size 26x141
            text run at (7,0) width 141: "\x{653B}\x{6BBB}\x{2307}\x{30FC}\x{FF1C}\x{FF1D}4"
        LayoutBlockFlow {DIV} at (117,10) size 39x178 [color=#A52A2A]
          LayoutText {#text} at (7,0) size 26x141
            text run at (7,0) width 141: "\x{653B}\x{6BBB}\x{2307}\x{30FC}\x{FF1C}\x{FF1D}4"
      LayoutBlockFlow {DIV} at (0,435) size 156x178
        LayoutBlockFlow {DIV} at (0,0) size 39x178
          LayoutText {#text} at (7,0) size 26x164
            text run at (7,0) width 164: "\x{653B}\x{6BBB}\x{2307}\x{30FC}\x{FF1C}\x{FF1D}4"
        LayoutBlockFlow {DIV} at (39,0) size 39x178 [color=#0000FF]
          LayoutText {#text} at (7,0) size 26x178
            text run at (7,0) width 178: "\x{653B}\x{6BBB}\x{2307}\x{30FC}\x{FF1C}\x{FF1D}4"
        LayoutBlockFlow {DIV} at (78,0) size 39x178 [color=#008080]
          LayoutText {#text} at (7,0) size 26x141
            text run at (7,0) width 141: "\x{653B}\x{6BBB}\x{2307}\x{30FC}\x{FF1C}\x{FF1D}4"
        LayoutBlockFlow {DIV} at (117,0) size 39x178 [color=#A52A2A]
          LayoutText {#text} at (7,0) size 26x141
            text run at (7,0) width 141: "\x{653B}\x{6BBB}\x{2307}\x{30FC}\x{FF1C}\x{FF1D}4"
