layer at (0,0) size 800x600
  LayoutView at (0,0) size 800x600
layer at (0,0) size 800x160
  LayoutBlockFlow {HTML} at (0,0) size 800x160
    LayoutBlockFlow {BODY} at (8,8) size 784x144
      LayoutBlockFlow {INPUT} at (4,4) size 12x12
      LayoutText {#text} at (20,0) size 4x18
        text run at (20,0) width 4: " "
      LayoutBlockFlow {INPUT} at (28,4) size 12x12
      LayoutText {#text} at (44,0) size 4x18
        text run at (44,0) width 4: " "
      LayoutBR {BR} at (48,0) size 0x18
      LayoutBlockFlow {INPUT} at (4,24) size 12x12
      LayoutText {#text} at (20,20) size 4x18
        text run at (20,20) width 4: " "
      LayoutBlockFlow {INPUT} at (28,24) size 12x12
      LayoutText {#text} at (44,20) size 4x18
        text run at (44,20) width 4: " "
      LayoutBR {BR} at (48,20) size 0x18
      LayoutBlockFlow {INPUT} at (4,44) size 12x12
      LayoutText {#text} at (20,40) size 4x18
        text run at (20,40) width 4: " "
      LayoutBR {BR} at (24,40) size 0x18
      LayoutBlockFlow {INPUT} at (4,64) size 12x12
      LayoutText {#text} at (20,60) size 4x18
        text run at (20,60) width 4: " "
      LayoutBR {BR} at (24,60) size 0x18
      LayoutBlockFlow {INPUT} at (4,84) size 8x12
      LayoutText {#text} at (16,80) size 4x18
        text run at (16,80) width 4: " "
      LayoutBlockFlow {INPUT} at (24,84) size 16x12
      LayoutText {#text} at (44,80) size 4x18
        text run at (44,80) width 4: " "
      LayoutBlockFlow {INPUT} at (52,84) size 24x12
      LayoutText {#text} at (80,80) size 4x18
        text run at (80,80) width 4: " "
      LayoutBR {BR} at (84,80) size 0x18
      LayoutBlockFlow {INPUT} at (6,114) size 21x21
      LayoutText {#text} at (33,118) size 4x18
        text run at (33,118) width 4: " "
      LayoutBlockFlow {INPUT} at (45,108) size 28x28
      LayoutText {#text} at (81,118) size 4x18
        text run at (81,118) width 4: " "
      LayoutBR {BR} at (85,118) size 0x18
