layer at (0,0) size 800x600
  LayoutView at (0,0) size 800x600
layer at (0,0) size 800x173
  LayoutBlockFlow {HTML} at (0,0) size 800x173
    LayoutBlockFlow {BODY} at (8,16) size 784x149
      LayoutBlockFlow {P} at (0,0) size 784x18
        LayoutText {#text} at (0,0) size 608x18
          text run at (0,0) width 608: "The select list box should not display items (options and optgroups) with style \"display: none\"."
      LayoutBlockFlow (anonymous) at (0,34) size 784x115
        LayoutText {#text} at (49,97) size 5x18
          text run at (49,97) width 5: " "
        LayoutText {#text} at (110,97) size 5x18
          text run at (110,97) width 5: " "
        LayoutText {#text} at (171,97) size 5x18
          text run at (171,97) width 5: " "
        LayoutText {#text} at (224,97) size 5x18
          text run at (224,97) width 5: " "
        LayoutText {#text} at (278,97) size 5x18
          text run at (278,97) width 5: " "
        LayoutText {#text} at (0,0) size 0x0
        LayoutText {#text} at (0,0) size 0x0
layer at (8,64) size 50x101 clip at (9,65) size 37x99
  LayoutListBox {SELECT} at (0,13.69) size 49.58x101.31 [bgcolor=#FFFFFF] [border: (1px solid #999999)]
    LayoutBlockFlow {OPTION} at (1,1) size 36.58x14.19
      LayoutText {#text} at (2,0) size 22x13
        text run at (2,0) width 22: "One"
    LayoutBlockFlow {OPTION} at (1,15.19) size 36.58x14.19
      LayoutText {#text} at (2,0) size 23x13
        text run at (2,0) width 23: "Two"
    LayoutBlockFlow {OPTION} at (1,29.38) size 36.58x14.19
      LayoutText {#text} at (2,0) size 30x13
        text run at (2,0) width 30: "Three"
    LayoutBlockFlow {OPTION} at (1,43.56) size 36.58x14.19
      LayoutText {#text} at (2,0) size 22x13
        text run at (2,0) width 22: "Five"
    LayoutBlockFlow {OPTION} at (1,57.75) size 36.58x14.19
      LayoutText {#text} at (2,0) size 17x13
        text run at (2,0) width 17: "Six"
    LayoutBlockFlow {OPTION} at (1,71.94) size 36.58x14.19
      LayoutText {#text} at (2,0) size 33x13
        text run at (2,0) width 33: "Seven"
layer at (62,64) size 56x101 clip at (63,65) size 43x99
  LayoutListBox {SELECT} at (53.58,13.69) size 56.73x101.31 [bgcolor=#FFFFFF] [border: (1px solid #999999)]
    LayoutBlockFlow {OPTION} at (1,1) size 43.73x14.19
      LayoutText {#text} at (2,0) size 22x13
        text run at (2,0) width 22: "One"
    LayoutBlockFlow {OPTION} at (1,15.19) size 43.73x14.19
      LayoutText {#text} at (2,0) size 23x13
        text run at (2,0) width 23: "Two"
    LayoutBlockFlow {OPTION} at (1,29.38) size 43.73x14.19
      LayoutText {#text} at (2,0) size 30x13
        text run at (2,0) width 30: "Three"
    LayoutBlockFlow {OPTGROUP} at (1,43.56) size 43.73x28.38
      LayoutBlockFlow {DIV} at (0,0) size 43.73x14.19
        LayoutText {#text} at (2,0) size 40x13
          text run at (2,0) width 40: "***45***"
      LayoutBlockFlow {OPTION} at (0,14.19) size 43.73x14.19
        LayoutInline {<pseudo:before>} at (0,0) size 14x13
          LayoutTextFragment (anonymous) at (2,0) size 14x13
            text run at (2,0) width 14: "    "
        LayoutText {#text} at (15,0) size 23x13
          text run at (15,0) width 23: "Five"
    LayoutBlockFlow {OPTION} at (1,71.94) size 43.73x14.19
      LayoutText {#text} at (2,0) size 33x13
        text run at (2,0) width 33: "Seven"
layer at (122,64) size 57x101 clip at (123,65) size 44x99
  LayoutListBox {SELECT} at (114.31,13.69) size 56.73x101.31 [bgcolor=#FFFFFF] [border: (1px solid #999999)]
    LayoutBlockFlow {OPTION} at (1,1) size 43.73x14.19
      LayoutText {#text} at (2,0) size 22x13
        text run at (2,0) width 22: "One"
    LayoutBlockFlow {OPTION} at (1,15.19) size 43.73x14.19
      LayoutText {#text} at (2,0) size 23x13
        text run at (2,0) width 23: "Two"
    LayoutBlockFlow {OPTGROUP} at (1,29.38) size 43.73x28.38
      LayoutBlockFlow {DIV} at (0,0) size 43.73x14.19
        LayoutText {#text} at (2,0) size 40x13
          text run at (2,0) width 40: "***45***"
      LayoutBlockFlow {OPTION} at (0,14.19) size 43.73x14.19
        LayoutInline {<pseudo:before>} at (0,0) size 14x13
          LayoutTextFragment (anonymous) at (2,0) size 14x13
            text run at (2,0) width 14: "    "
        LayoutText {#text} at (15,0) size 25x13
          text run at (15,0) width 25: "Four"
    LayoutBlockFlow {OPTION} at (1,57.75) size 43.73x14.19
      LayoutText {#text} at (2,0) size 17x13
        text run at (2,0) width 17: "Six"
    LayoutBlockFlow {OPTION} at (1,71.94) size 43.73x14.19
      LayoutText {#text} at (2,0) size 33x13
        text run at (2,0) width 33: "Seven"
layer at (183,50) size 50x115 clip at (184,51) size 37x113
  LayoutListBox {SELECT} at (175.05,-0.50) size 49.58x115.50 [bgcolor=#FFFFFF] [border: (1px solid #999999)]
    LayoutBlockFlow {OPTION} at (1,1) size 36.58x14.19
      LayoutText {#text} at (2,0) size 22x13
        text run at (2,0) width 22: "One"
    LayoutBlockFlow {OPTION} at (1,15.19) size 36.58x14.19
      LayoutText {#text} at (2,0) size 23x13
        text run at (2,0) width 23: "Two"
    LayoutBlockFlow {OPTION} at (1,29.38) size 36.58x14.19
      LayoutText {#text} at (2,0) size 30x13
        text run at (2,0) width 30: "Three"
    LayoutBlockFlow {OPTION} at (1,43.56) size 36.58x14.19
      LayoutText {#text} at (2,0) size 33x13
        text run at (2,0) width 33: "Seven"
layer at (237,50) size 49x115 clip at (238,51) size 36x113
  LayoutListBox {SELECT} at (228.63,-0.50) size 49.58x115.50 [bgcolor=#FFFFFF] [border: (1px solid #999999)]
    LayoutBlockFlow {OPTION} at (1,1) size 36.58x14.19
      LayoutText {#text} at (2,0) size 22x13
        text run at (2,0) width 22: "One"
    LayoutBlockFlow {OPTION} at (1,15.19) size 36.58x14.19
      LayoutText {#text} at (2,0) size 23x13
        text run at (2,0) width 23: "Two"
    LayoutBlockFlow {OPTION} at (1,29.38) size 36.58x14.19
      LayoutText {#text} at (2,0) size 30x13
        text run at (2,0) width 30: "Three"
    LayoutBlockFlow {OPTION} at (1,43.56) size 36.58x14.19
      LayoutText {#text} at (2,0) size 33x13
        text run at (2,0) width 33: "Seven"
layer at (290,50) size 55x115 clip at (291,51) size 42x113
  LayoutListBox {SELECT} at (282.20,-0.50) size 54.63x115.50 [bgcolor=#FFFFFF] [border: (1px solid #999999)]
    LayoutBlockFlow {OPTION} at (1,1) size 41.63x14.19
      LayoutText {#text} at (2,0) size 22x13
        text run at (2,0) width 22: "One"
    LayoutBlockFlow {OPTION} at (1,15.19) size 41.63x14.19
      LayoutText {#text} at (2,0) size 23x13
        text run at (2,0) width 23: "Two"
    LayoutBlockFlow {OPTION} at (1,29.38) size 41.63x14.19
      LayoutText {#text} at (2,0) size 30x13
        text run at (2,0) width 30: "Three"
    LayoutBlockFlow {OPTGROUP} at (1,43.56) size 41.63x56.75
      LayoutBlockFlow {DIV} at (0,0) size 41.63x14.19
        LayoutText {#text} at (2,0) size 37x13
          text run at (2,0) width 37: "**456**"
      LayoutBlockFlow {OPTION} at (0,14.19) size 41.63x14.19
        LayoutInline {<pseudo:before>} at (0,0) size 14x13
          LayoutTextFragment (anonymous) at (2,0) size 14x13
            text run at (2,0) width 14: "    "
        LayoutText {#text} at (15,0) size 25x13
          text run at (15,0) width 25: "Four"
      LayoutBlockFlow {OPTION} at (0,28.38) size 41.63x14.19
        LayoutInline {<pseudo:before>} at (0,0) size 14x13
          LayoutTextFragment (anonymous) at (2,0) size 14x13
            text run at (2,0) width 14: "    "
        LayoutText {#text} at (15,0) size 23x13
          text run at (15,0) width 23: "Five"
      LayoutBlockFlow {OPTION} at (0,42.56) size 41.63x14.19
        LayoutInline {<pseudo:before>} at (0,0) size 14x13
          LayoutTextFragment (anonymous) at (2,0) size 14x13
            text run at (2,0) width 14: "    "
        LayoutText {#text} at (15,0) size 18x13
          text run at (15,0) width 18: "Six"
    LayoutBlockFlow {OPTION} at (1,100.31) size 41.63x14.19
      LayoutText {#text} at (2,0) size 33x13
        text run at (2,0) width 33: "Seven"
